// Jest Snapshot v1, https://goo.gl/fbAQLP

exports[`App should match snapshot 1`] = `<station-chooser-stub></station-chooser-stub>`;
